// Jest Snapshot v1, https://goo.gl/fbAQLP

exports[`Noodle renders without crashing 1`] = `
<div>
  noodle
</div>
`;
