// Jest Snapshot v1, https://goo.gl/fbAQLP

exports[`Node renders without crashing 1`] = `
<div>
  node
</div>
`;
