// Jest Snapshot v1, https://goo.gl/fbAQLP

exports[`Pin renders without crashing 1`] = `<div />`;
