// Jest Snapshot v1, https://goo.gl/fbAQLP

exports[`Editor renders without crashing 1`] = `
<div>
  editor
</div>
`;
